Archive member included to satisfy reference by file (symbol)

/home/shay/a/ece362/Ac6/SystemWorkbench/plugins/fr.ac6.mcu.externaltools.arm-none.linux64_1.17.0.201812190825/tools/compiler/bin/../lib/gcc/arm-none-eabi/7.3.1/../../../../arm-none-eabi/lib/thumb/v6-m/libm.a(lib_a-s_atan.o)
                              src/dac.o (atan)
/home/shay/a/ece362/Ac6/SystemWorkbench/plugins/fr.ac6.mcu.externaltools.arm-none.linux64_1.17.0.201812190825/tools/compiler/bin/../lib/gcc/arm-none-eabi/7.3.1/../../../../arm-none-eabi/lib/thumb/v6-m/libm.a(lib_a-s_cos.o)
                              src/dac.o (cos)
/home/shay/a/ece362/Ac6/SystemWorkbench/plugins/fr.ac6.mcu.externaltools.arm-none.linux64_1.17.0.201812190825/tools/compiler/bin/../lib/gcc/arm-none-eabi/7.3.1/../../../../arm-none-eabi/lib/thumb/v6-m/libm.a(lib_a-s_fabs.o)
                              /home/shay/a/ece362/Ac6/SystemWorkbench/plugins/fr.ac6.mcu.externaltools.arm-none.linux64_1.17.0.201812190825/tools/compiler/bin/../lib/gcc/arm-none-eabi/7.3.1/../../../../arm-none-eabi/lib/thumb/v6-m/libm.a(lib_a-s_atan.o) (fabs)
/home/shay/a/ece362/Ac6/SystemWorkbench/plugins/fr.ac6.mcu.externaltools.arm-none.linux64_1.17.0.201812190825/tools/compiler/bin/../lib/gcc/arm-none-eabi/7.3.1/../../../../arm-none-eabi/lib/thumb/v6-m/libm.a(lib_a-s_sin.o)
                              src/dac.o (sin)
/home/shay/a/ece362/Ac6/SystemWorkbench/plugins/fr.ac6.mcu.externaltools.arm-none.linux64_1.17.0.201812190825/tools/compiler/bin/../lib/gcc/arm-none-eabi/7.3.1/../../../../arm-none-eabi/lib/thumb/v6-m/libm.a(lib_a-w_asin.o)
                              src/dac.o (asin)
/home/shay/a/ece362/Ac6/SystemWorkbench/plugins/fr.ac6.mcu.externaltools.arm-none.linux64_1.17.0.201812190825/tools/compiler/bin/../lib/gcc/arm-none-eabi/7.3.1/../../../../arm-none-eabi/lib/thumb/v6-m/libm.a(lib_a-w_pow.o)
                              src/midi.o (pow)
/home/shay/a/ece362/Ac6/SystemWorkbench/plugins/fr.ac6.mcu.externaltools.arm-none.linux64_1.17.0.201812190825/tools/compiler/bin/../lib/gcc/arm-none-eabi/7.3.1/../../../../arm-none-eabi/lib/thumb/v6-m/libm.a(lib_a-e_asin.o)
                              /home/shay/a/ece362/Ac6/SystemWorkbench/plugins/fr.ac6.mcu.externaltools.arm-none.linux64_1.17.0.201812190825/tools/compiler/bin/../lib/gcc/arm-none-eabi/7.3.1/../../../../arm-none-eabi/lib/thumb/v6-m/libm.a(lib_a-w_asin.o) (__ieee754_asin)
/home/shay/a/ece362/Ac6/SystemWorkbench/plugins/fr.ac6.mcu.externaltools.arm-none.linux64_1.17.0.201812190825/tools/compiler/bin/../lib/gcc/arm-none-eabi/7.3.1/../../../../arm-none-eabi/lib/thumb/v6-m/libm.a(lib_a-e_pow.o)
                              /home/shay/a/ece362/Ac6/SystemWorkbench/plugins/fr.ac6.mcu.externaltools.arm-none.linux64_1.17.0.201812190825/tools/compiler/bin/../lib/gcc/arm-none-eabi/7.3.1/../../../../arm-none-eabi/lib/thumb/v6-m/libm.a(lib_a-w_pow.o) (__ieee754_pow)
/home/shay/a/ece362/Ac6/SystemWorkbench/plugins/fr.ac6.mcu.externaltools.arm-none.linux64_1.17.0.201812190825/tools/compiler/bin/../lib/gcc/arm-none-eabi/7.3.1/../../../../arm-none-eabi/lib/thumb/v6-m/libm.a(lib_a-e_rem_pio2.o)
                              /home/shay/a/ece362/Ac6/SystemWorkbench/plugins/fr.ac6.mcu.externaltools.arm-none.linux64_1.17.0.201812190825/tools/compiler/bin/../lib/gcc/arm-none-eabi/7.3.1/../../../../arm-none-eabi/lib/thumb/v6-m/libm.a(lib_a-s_cos.o) (__ieee754_rem_pio2)
/home/shay/a/ece362/Ac6/SystemWorkbench/plugins/fr.ac6.mcu.externaltools.arm-none.linux64_1.17.0.201812190825/tools/compiler/bin/../lib/gcc/arm-none-eabi/7.3.1/../../../../arm-none-eabi/lib/thumb/v6-m/libm.a(lib_a-e_sqrt.o)
                              /home/shay/a/ece362/Ac6/SystemWorkbench/plugins/fr.ac6.mcu.externaltools.arm-none.linux64_1.17.0.201812190825/tools/compiler/bin/../lib/gcc/arm-none-eabi/7.3.1/../../../../arm-none-eabi/lib/thumb/v6-m/libm.a(lib_a-e_asin.o) (__ieee754_sqrt)
/home/shay/a/ece362/Ac6/SystemWorkbench/plugins/fr.ac6.mcu.externaltools.arm-none.linux64_1.17.0.201812190825/tools/compiler/bin/../lib/gcc/arm-none-eabi/7.3.1/../../../../arm-none-eabi/lib/thumb/v6-m/libm.a(lib_a-k_cos.o)
                              /home/shay/a/ece362/Ac6/SystemWorkbench/plugins/fr.ac6.mcu.externaltools.arm-none.linux64_1.17.0.201812190825/tools/compiler/bin/../lib/gcc/arm-none-eabi/7.3.1/../../../../arm-none-eabi/lib/thumb/v6-m/libm.a(lib_a-s_cos.o) (__kernel_cos)
/home/shay/a/ece362/Ac6/SystemWorkbench/plugins/fr.ac6.mcu.externaltools.arm-none.linux64_1.17.0.201812190825/tools/compiler/bin/../lib/gcc/arm-none-eabi/7.3.1/../../../../arm-none-eabi/lib/thumb/v6-m/libm.a(lib_a-k_rem_pio2.o)
                              /home/shay/a/ece362/Ac6/SystemWorkbench/plugins/fr.ac6.mcu.externaltools.arm-none.linux64_1.17.0.201812190825/tools/compiler/bin/../lib/gcc/arm-none-eabi/7.3.1/../../../../arm-none-eabi/lib/thumb/v6-m/libm.a(lib_a-e_rem_pio2.o) (__kernel_rem_pio2)
[...]
Memory Configuration

Name             Origin             Length             Attributes
RAM              0x0000000020000000 0x0000000000008000 xrw
ROM              0x0000000008000000 0x0000000000040000 xr
*default*        0x0000000000000000 0xffffffffffffffff

Linker script and memory map

LOAD /home/shay/a/ece362/Ac6/SystemWorkbench/plugins/fr.ac6.mcu.externaltools.arm-none.linux64_1.17.0.201812190825/tools/compiler/bin/../lib/gcc/arm-none-eabi/7.3.1/thumb/v6-m/crti.o
LOAD /home/shay/a/ece362/Ac6/SystemWorkbench/plugins/fr.ac6.mcu.externaltools.arm-none.linux64_1.17.0.201812190825/tools/compiler/bin/../lib/gcc/arm-none-eabi/7.3.1/thumb/v6-m/crtbegin.o
LOAD /home/shay/a/ece362/Ac6/SystemWorkbench/plugins/fr.ac6.mcu.externaltools.arm-none.linux64_1.17.0.201812190825/tools/compiler/bin/../lib/gcc/arm-none-eabi/7.3.1/../../../../arm-none-eabi/lib/thumb/v6-m/crt0.o
LOAD StdPeriph_Driver/src/stm32f0xx_adc.o
LOAD StdPeriph_Driver/src/stm32f0xx_can.o
LOAD StdPeriph_Driver/src/stm32f0xx_cec.o
LOAD StdPeriph_Driver/src/stm32f0xx_comp.o
LOAD StdPeriph_Driver/src/stm32f0xx_crc.o
LOAD StdPeriph_Driver/src/stm32f0xx_crs.o
LOAD StdPeriph_Driver/src/stm32f0xx_dac.o
LOAD StdPeriph_Driver/src/stm32f0xx_dbgmcu.o
LOAD StdPeriph_Driver/src/stm32f0xx_dma.o
LOAD StdPeriph_Driver/src/stm32f0xx_exti.o
LOAD StdPeriph_Driver/src/stm32f0xx_flash.o
LOAD StdPeriph_Driver/src/stm32f0xx_gpio.o
LOAD StdPeriph_Driver/src/stm32f0xx_i2c.o
LOAD StdPeriph_Driver/src/stm32f0xx_iwdg.o
LOAD StdPeriph_Driver/src/stm32f0xx_misc.o
LOAD StdPeriph_Driver/src/stm32f0xx_pwr.o
LOAD StdPeriph_Driver/src/stm32f0xx_rcc.o
LOAD StdPeriph_Driver/src/stm32f0xx_rtc.o
LOAD StdPeriph_Driver/src/stm32f0xx_spi.o
LOAD StdPeriph_Driver/src/stm32f0xx_syscfg.o
LOAD StdPeriph_Driver/src/stm32f0xx_tim.o
LOAD StdPeriph_Driver/src/stm32f0xx_usart.o
LOAD StdPeriph_Driver/src/stm32f0xx_wwdg.o
LOAD src/dac.o
LOAD src/display.o
LOAD src/interrupts.o
LOAD src/main.o
LOAD src/midi.o
LOAD src/syscalls.o
LOAD src/system_stm32f0xx.o
LOAD startup/startup_stm32.o
LOAD /home/shay/a/ece362/Ac6/SystemWorkbench/plugins/fr.ac6.mcu.externaltools.arm-none.linux64_1.17.0.201812190825/tools/compiler/bin/../lib/gcc/arm-none-eabi/7.3.1/../../../../arm-none-eabi/lib/thumb/v6-m/libm.a
START GROUP
LOAD /home/shay/a/ece362/Ac6/SystemWorkbench/plugins/fr.ac6.mcu.externaltools.arm-none.linux64_1.17.0.201812190825/tools/compiler/bin/../lib/gcc/arm-none-eabi/7.3.1/thumb/v6-m/libgcc.a
LOAD /home/shay/a/ece362/Ac6/SystemWorkbench/plugins/fr.ac6.mcu.externaltools.arm-none.linux64_1.17.0.201812190825/tools/compiler/bin/../lib/gcc/arm-none-eabi/7.3.1/../../../../arm-none-eabi/lib/thumb/v6-m/libc.a
END GROUP
LOAD /home/shay/a/ece362/Ac6/SystemWorkbench/plugins/fr.ac6.mcu.externaltools.arm-none.linux64_1.17.0.201812190825/tools/compiler/bin/../lib/gcc/arm-none-eabi/7.3.1/thumb/v6-m/crtend.o
LOAD /home/shay/a/ece362/Ac6/SystemWorkbench/plugins/fr.ac6.mcu.externaltools.arm-none.linux64_1.17.0.201812190825/tools/compiler/bin/../lib/gcc/arm-none-eabi/7.3.1/thumb/v6-m/crtn.o
                0x0000000020008000                _estack = 0x20008000
                0x0000000000000000                _Min_Heap_Size = 0x0
                0x0000000000000400                _Min_Stack_Size = 0x400

.isr_vector     0x0000000008000000       0xc0
                0x0000000008000000                . = ALIGN (0x4)
 *(.isr_vector)
 .isr_vector    0x0000000008000000       0xc0 startup/startup_stm32.o
                0x0000000008000000                g_pfnVectors
                0x00000000080000c0                . = ALIGN (0x4)

.text           0x00000000080000c0     0x6014
                0x00000000080000c0                . = ALIGN (0x4)
 *(.text)
 .text          0x00000000080000c0       0x48 /home/shay/a/ece362/Ac6/SystemWorkbench/plugins/fr.ac6.mcu.externaltools.arm-none.linux64_1.17.0.201812190825/tools/compiler/bin/../lib/gcc/arm-none-eabi/7.3.1/thumb/v6-m/crtbegin.o
 .text          0x0000000008000108      0x114 /home/shay/a/ece362/Ac6/SystemWorkbench/plugins/fr.ac6.mcu.externaltools.arm-none.linux64_1.17.0.201812190825/tools/compiler/bin/../lib/gcc/arm-none-eabi/7.3.1/thumb/v6-m/libgcc.a(_udivsi3.o)
                0x0000000008000108                __udivsi3
                0x0000000008000108                __aeabi_uidiv
                0x0000000008000214                __aeabi_uidivmod
 .text          0x000000000800021c      0x1d4 /home/shay/a/ece362/Ac6/SystemWorkbench/plugins/fr.ac6.mcu.externaltools.arm-none.linux64_1.17.0.201812190825/tools/compiler/bin/../lib/gcc/arm-none-eabi/7.3.1/thumb/v6-m/libgcc.a(_divsi3.o)
                0x000000000800021c                __aeabi_idiv
                0x000000000800021c                __divsi3
                0x00000000080003e8                __aeabi_idivmod
 .text          0x00000000080003f0        0x4 /home/shay/a/ece362/Ac6/SystemWorkbench/plugins/fr.ac6.mcu.externaltools.arm-none.linux64_1.17.0.201812190825/tools/compiler/bin/../lib/gcc/arm-none-eabi/7.3.1/thumb/v6-m/libgcc.a(_dvmd_tls.o)
                0x00000000080003f0                __aeabi_ldiv0
                0x00000000080003f0                __aeabi_idiv0
 .text          0x00000000080003f4       0x7c /home/shay/a/ece362/Ac6/SystemWorkbench/plugins/fr.ac6.mcu.externaltools.arm-none.linux64_1.17.0.201812190825/tools/compiler/bin/../lib/gcc/arm-none-eabi/7.3.1/thumb/v6-m/libgcc.a(_arm_cmpdf2.o)
                0x00000000080003f4                __aeabi_cdrcmple
                0x0000000008000404                __aeabi_cdcmple
                0x0000000008000404                __aeabi_cdcmpeq
                0x0000000008000414                __aeabi_dcmpeq
                0x0000000008000420                __aeabi_dcmplt
                0x0000000008000434                __aeabi_dcmple
                0x0000000008000448                __aeabi_dcmpgt
                0x000000000800045c                __aeabi_dcmpge
 .text          0x0000000008000470       0x3c /home/shay/a/ece362/Ac6/SystemWorkbench/plugins/fr.ac6.mcu.externaltools.arm-none.linux64_1.17.0.201812190825/tools/compiler/bin/../lib/gcc/arm-none-eabi/7.3.1/thumb/v6-m/libgcc.a(_fixunsdfsi.o)
                0x0000000008000470                __fixunsdfsi
                0x0000000008000470                __aeabi_d2uiz
 .text          0x00000000080004ac      0x638 /home/shay/a/ece362/Ac6/SystemWorkbench/plugins/fr.ac6.mcu.externaltools.arm-none.linux64_1.17.0.201812190825/tools/compiler/bin/../lib/gcc/arm-none-eabi/7.3.1/thumb/v6-m/libgcc.a(adddf3.o)
                0x00000000080004ac                __aeabi_dadd
 .text          0x0000000008000ae4      0x604 /home/shay/a/ece362/Ac6/SystemWorkbench/plugins/fr.ac6.mcu.externaltools.arm-none.linux64_1.17.0.201812190825/tools/compiler/bin/../lib/gcc/arm-none-eabi/7.3.1/thumb/v6-m/libgcc.a(divdf3.o)
                0x0000000008000ae4                __aeabi_ddiv
 .text          0x00000000080010e8       0x78 /home/shay/a/ece362/Ac6/SystemWorkbench/plugins/fr.ac6.mcu.externaltools.arm-none.linux64_1.17.0.201812190825/tools/compiler/bin/../lib/gcc/arm-none-eabi/7.3.1/thumb/v6-m/libgcc.a(eqdf2.o)
                0x00000000080010e8                __eqdf2
                0x00000000080010e8                __nedf2
 .text          0x0000000008001160       0xc8 /home/shay/a/ece362/Ac6/SystemWorkbench/plugins/fr.ac6.mcu.externaltools.arm-none.linux64_1.17.0.201812190825/tools/compiler/bin/../lib/gcc/arm-none-eabi/7.3.1/thumb/v6-m/libgcc.a(gedf2.o)
                0x0000000008001160                __gtdf2
                0x0000000008001160                __gedf2
 .text          0x0000000008001228       0xd0 /home/shay/a/ece362/Ac6/SystemWorkbench/plugins/fr.ac6.mcu.externaltools.arm-none.linux64_1.17.0.201812190825/tools/compiler/bin/../lib/gcc/arm-none-eabi/7.3.1/thumb/v6-m/libgcc.a(ledf2.o)
                0x0000000008001228                __ltdf2
                0x0000000008001228                __ledf2
 .text          0x00000000080012f8      0x4e4 /home/shay/a/ece362/Ac6/SystemWorkbench/plugins/fr.ac6.mcu.externaltools.arm-none.linux64_1.17.0.201812190825/tools/compiler/bin/../lib/gcc/arm-none-eabi/7.3.1/thumb/v6-m/libgcc.a(muldf3.o)
                0x00000000080012f8                __aeabi_dmul
 .text          0x00000000080017dc      0x690 /home/shay/a/ece362/Ac6/SystemWorkbench/plugins/fr.ac6.mcu.externaltools.arm-none.linux64_1.17.0.201812190825/tools/compiler/bin/../lib/gcc/arm-none-eabi/7.3.1/thumb/v6-m/libgcc.a(subdf3.o)
                0x00000000080017dc                __aeabi_dsub
 .text          0x0000000008001e6c       0x38 /home/shay/a/ece362/Ac6/SystemWorkbench/plugins/fr.ac6.mcu.externaltools.arm-none.linux64_1.17.0.201812190825/tools/compiler/bin/../lib/gcc/arm-none-eabi/7.3.1/thumb/v6-m/libgcc.a(unorddf2.o)
                0x0000000008001e6c                __aeabi_dcmpun
 .text          0x0000000008001ea4       0x6c /home/shay/a/ece362/Ac6/SystemWorkbench/plugins/fr.ac6.mcu.externaltools.arm-none.linux64_1.17.0.201812190825/tools/compiler/bin/../lib/gcc/arm-none-eabi/7.3.1/thumb/v6-m/libgcc.a(fixdfsi.o)
                0x0000000008001ea4                __aeabi_d2iz
 .text          0x0000000008001f10       0x74 /home/shay/a/ece362/Ac6/SystemWorkbench/plugins/fr.ac6.mcu.externaltools.arm-none.linux64_1.17.0.201812190825/tools/compiler/bin/../lib/gcc/arm-none-eabi/7.3.1/thumb/v6-m/libgcc.a(floatsidf.o)
                0x0000000008001f10                __aeabi_i2d
 .text          0x0000000008001f84       0x3c /home/shay/a/ece362/Ac6/SystemWorkbench/plugins/fr.ac6.mcu.externaltools.arm-none.linux64_1.17.0.201812190825/tools/compiler/bin/../lib/gcc/arm-none-eabi/7.3.1/thumb/v6-m/libgcc.a(_clzsi2.o)
                0x0000000008001f84                __clzsi2
 *(.text*)
 .text.initWavetable
                0x0000000008001fc0      0x2f0 src/dac.o
                0x0000000008001fc0                initWavetable
 .text.setupDac
                0x00000000080022b0       0x80 src/dac.o
                0x00000000080022b0                setupDac
 .text.init_tim7
                0x0000000008002330       0x80 src/dac.o
                0x0000000008002330                init_tim7
 .text.TIM7_IRQHandler
                0x00000000080023b0      0x13c src/dac.o
                0x00000000080023b0                TIM7_IRQHandler
 .text.nanoWait
                0x00000000080024ec       0x18 src/display.o
                0x00000000080024ec                nanoWait
 .text.setupSpiOled
                0x0000000008002504       0xc4 src/display.o
                0x0000000008002504                setupSpiOled
 .text.setupDmaOled
                0x00000000080025c8       0x64 src/display.o
                0x00000000080025c8                setupDmaOled
 .text.spiOledCmd
                0x000000000800262c       0x2c src/display.o
                0x000000000800262c                spiOledCmd
 .text.spiInitOled
                0x0000000008002658       0x50 src/display.o
                0x0000000008002658                spiInitOled
 .text.enableDmaOled
                0x00000000080026a8       0x1c src/display.o
                0x00000000080026a8                enableDmaOled
 .text.NVIC_EnableIRQ
                0x00000000080026c4       0x2c src/interrupts.o
 .text.NVIC_SetPriority
                0x00000000080026f0       0xdc src/interrupts.o
 .text.enable_ports
                0x00000000080027cc       0x44 src/interrupts.o
                0x00000000080027cc                enable_ports
 .text.init_interrupts
                0x0000000008002810       0xa8 src/interrupts.o
                0x0000000008002810                init_interrupts
 .text.EXTI0_1_IRQHandler
                0x00000000080028b8       0x34 src/interrupts.o
                0x00000000080028b8                EXTI0_1_IRQHandler
 .text.EXTI2_3_IRQHandler
                0x00000000080028ec       0x30 src/interrupts.o
                0x00000000080028ec                EXTI2_3_IRQHandler
 .text.EXTI4_15_IRQHandler
                0x000000000800291c       0x30 src/interrupts.o
                0x000000000800291c                EXTI4_15_IRQHandler
 .text.NVIC_SetPriority
                0x000000000800294c       0xdc src/main.o
 .text.initUsart1
                0x0000000008002a28      0x124 src/main.o
                0x0000000008002a28                initUsart1
 .text.USART1_IRQHandler
                0x0000000008002b4c       0x54 src/main.o
                0x0000000008002b4c                USART1_IRQHandler
 .text.main     0x0000000008002ba0       0x74 src/main.o
                0x0000000008002ba0                main
 .text.initUsartBuffer
                0x0000000008002c14       0x44 src/midi.o
                0x0000000008002c14                initUsartBuffer
 .text.initMidiMsg
                0x0000000008002c58       0x20 src/midi.o
                0x0000000008002c58                initMidiMsg
 .text.fifoRead
                0x0000000008002c78       0x3c src/midi.o
                0x0000000008002c78                fifoRead
 .text.fifoWrite
                0x0000000008002cb4       0x6c src/midi.o
                0x0000000008002cb4                fifoWrite
 .text.initNoteList
                0x0000000008002d20       0x5c src/midi.o
                0x0000000008002d20                initNoteList
 .text.midiStateMachine
                0x0000000008002d7c       0xd4 src/midi.o
                0x0000000008002d7c                midiStateMachine
 .text.midiEventHandler
                0x0000000008002e50       0x68 src/midi.o
                0x0000000008002e50                midiEventHandler
 .text.NoteOn   0x0000000008002eb8      0x104 src/midi.o
                0x0000000008002eb8                NoteOn
 .text.NoteOff  0x0000000008002fbc       0x54 src/midi.o
                0x0000000008002fbc                NoteOff
 .text.adjustVel
                0x0000000008003010       0x6c src/midi.o
                0x0000000008003010                adjustVel
 .text.ProgramChange
                0x000000000800307c       0x20 src/midi.o
                0x000000000800307c                ProgramChange
 .text.SystemInit
                0x000000000800309c       0x8c src/system_stm32f0xx.o
                0x000000000800309c                SystemInit
 .text.SetSysClock
                0x0000000008003128       0xe0 src/system_stm32f0xx.o
 .text.Reset_Handler
                0x0000000008003208       0x50 startup/startup_stm32.o
                0x0000000008003208                Reset_Handler
 .text.Default_Handler
                0x0000000008003258        0x2 startup/startup_stm32.o
                0x0000000008003258                DMA1_CH4_5_6_7_DMA2_CH3_4_5_IRQHandler
                0x0000000008003258                TIM1_CC_IRQHandler
                0x0000000008003258                TSC_IRQHandler
                0x0000000008003258                HardFault_Handler
                0x0000000008003258                SysTick_Handler
                0x0000000008003258                PVD_IRQHandler
                0x0000000008003258                PendSV_Handler
                0x0000000008003258                NMI_Handler
                0x0000000008003258                I2C1_IRQHandler
                0x0000000008003258                RCC_CRS_IRQHandler
                0x0000000008003258                SPI1_IRQHandler
                0x0000000008003258                TIM6_DAC_IRQHandler
                0x0000000008003258                I2C2_IRQHandler
                0x0000000008003258                TIM17_IRQHandler
                0x0000000008003258                CEC_CAN_IRQHandler
                0x0000000008003258                RTC_IRQHandler
                0x0000000008003258                TIM16_IRQHandler
                0x0000000008003258                TIM3_IRQHandler
                0x0000000008003258                Default_Handler
                0x0000000008003258                DMA1_CH2_3_DMA2_CH1_2_IRQHandler
                0x0000000008003258                TIM14_IRQHandler
                0x0000000008003258                TIM15_IRQHandler
                0x0000000008003258                USB_IRQHandler
                0x0000000008003258                SPI2_IRQHandler
                0x0000000008003258                DMA1_CH1_IRQHandler
                0x0000000008003258                SVC_Handler
                0x0000000008003258                WWDG_IRQHandler
                0x0000000008003258                TIM2_IRQHandler
                0x0000000008003258                ADC_COMP_IRQHandler
                0x0000000008003258                USART2_IRQHandler
                0x0000000008003258                USART3_4_5_6_7_8_IRQHandler
                0x0000000008003258                FLASH_IRQHandler
                0x0000000008003258                TIM1_BRK_UP_TRG_COM_IRQHandler
 *fill*         0x000000000800325a        0x2 
 .text.atan     0x000000000800325c      0x328 /home/shay/a/ece362/Ac6/SystemWorkbench/plugins/fr.ac6.mcu.externaltools.arm-none.linux64_1.17.0.201812190825/tools/compiler/bin/../lib/gcc/arm-none-eabi/7.3.1/../../../../arm-none-eabi/lib/thumb/v6-m/libm.a(lib_a-s_atan.o)
                0x000000000800325c                atan
 .text.cos      0x0000000008003584       0x8c /home/shay/a/ece362/Ac6/SystemWorkbench/plugins/fr.ac6.mcu.externaltools.arm-none.linux64_1.17.0.201812190825/tools/compiler/bin/../lib/gcc/arm-none-eabi/7.3.1/../../../../arm-none-eabi/lib/thumb/v6-m/libm.a(lib_a-s_cos.o)
                0x0000000008003584                cos
 .text.fabs     0x0000000008003610        0x8 /home/shay/a/ece362/Ac6/SystemWorkbench/plugins/fr.ac6.mcu.externaltools.arm-none.linux64_1.17.0.201812190825/tools/compiler/bin/../lib/gcc/arm-none-eabi/7.3.1/../../../../arm-none-eabi/lib/thumb/v6-m/libm.a(lib_a-s_fabs.o)
                0x0000000008003610                fabs
 .text.sin      0x0000000008003618       0x90 /home/shay/a/ece362/Ac6/SystemWorkbench/plugins/fr.ac6.mcu.externaltools.arm-none.linux64_1.17.0.201812190825/tools/compiler/bin/../lib/gcc/arm-none-eabi/7.3.1/../../../../arm-none-eabi/lib/thumb/v6-m/libm.a(lib_a-s_sin.o)
                0x0000000008003618                sin
 .text.asin     0x00000000080036a8       0xbc /home/shay/a/ece362/Ac6/SystemWorkbench/plugins/fr.ac6.mcu.externaltools.arm-none.linux64_1.17.0.201812190825/tools/compiler/bin/../lib/gcc/arm-none-eabi/7.3.1/../../../../arm-none-eabi/lib/thumb/v6-m/libm.a(lib_a-w_asin.o)
                0x00000000080036a8                asin
 .text.pow      0x0000000008003764      0x374 /home/shay/a/ece362/Ac6/SystemWorkbench/plugins/fr.ac6.mcu.externaltools.arm-none.linux64_1.17.0.201812190825/tools/compiler/bin/../lib/gcc/arm-none-eabi/7.3.1/../../../../arm-none-eabi/lib/thumb/v6-m/libm.a(lib_a-w_pow.o)
                0x0000000008003764                pow
 .text.__ieee754_asin
                0x0000000008003ad8      0x3e8 /home/shay/a/ece362/Ac6/SystemWorkbench/plugins/fr.ac6.mcu.externaltools.arm-none.linux64_1.17.0.201812190825/tools/compiler/bin/../lib/gcc/arm-none-eabi/7.3.1/../../../../arm-none-eabi/lib/thumb/v6-m/libm.a(lib_a-e_asin.o)
                0x0000000008003ad8                __ieee754_asin
 .text.__ieee754_pow
                0x0000000008003ec0      0xacc /home/shay/a/ece362/Ac6/SystemWorkbench/plugins/fr.ac6.mcu.externaltools.arm-none.linux64_1.17.0.201812190825/tools/compiler/bin/../lib/gcc/arm-none-eabi/7.3.1/../../../../arm-none-eabi/lib/thumb/v6-m/libm.a(lib_a-e_pow.o)
                0x0000000008003ec0                __ieee754_pow
 .text.__ieee754_rem_pio2
                0x000000000800498c      0x420 /home/shay/a/ece362/Ac6/SystemWorkbench/plugins/fr.ac6.mcu.externaltools.arm-none.linux64_1.17.0.201812190825/tools/compiler/bin/../lib/gcc/arm-none-eabi/7.3.1/../../../../arm-none-eabi/lib/thumb/v6-m/libm.a(lib_a-e_rem_pio2.o)
                0x000000000800498c                __ieee754_rem_pio2
 .text.__ieee754_sqrt
                0x0000000008004dac      0x1b0 /home/shay/a/ece362/Ac6/SystemWorkbench/plugins/fr.ac6.mcu.externaltools.arm-none.linux64_1.17.0.201812190825/tools/compiler/bin/../lib/gcc/arm-none-eabi/7.3.1/../../../../arm-none-eabi/lib/thumb/v6-m/libm.a(lib_a-e_sqrt.o)
                0x0000000008004dac                __ieee754_sqrt
 .text.__kernel_cos
                0x0000000008004f5c      0x234 /home/shay/a/ece362/Ac6/SystemWorkbench/plugins/fr.ac6.mcu.externaltools.arm-none.linux64_1.17.0.201812190825/tools/compiler/bin/../lib/gcc/arm-none-eabi/7.3.1/../../../../arm-none-eabi/lib/thumb/v6-m/libm.a(lib_a-k_cos.o)
                0x0000000008004f5c                __kernel_cos
 .text.__kernel_rem_pio2
                0x0000000008005190      0x8c0 /home/shay/a/ece362/Ac6/SystemWorkbench/plugins/fr.ac6.mcu.externaltools.arm-none.linux64_1.17.0.201812190825/tools/compiler/bin/../lib/gcc/arm-none-eabi/7.3.1/../../../../arm-none-eabi/lib/thumb/v6-m/libm.a(lib_a-k_rem_pio2.o)
                0x0000000008005190                __kernel_rem_pio2
 .text.__kernel_sin
                0x0000000008005a50      0x164 /home/shay/a/ece362/Ac6/SystemWorkbench/plugins/fr.ac6.mcu.externaltools.arm-none.linux64_1.17.0.201812190825/tools/compiler/bin/../lib/gcc/arm-none-eabi/7.3.1/../../../../arm-none-eabi/lib/thumb/v6-m/libm.a(lib_a-k_sin.o)
                0x0000000008005a50                __kernel_sin
 .text.finite   0x0000000008005bb4       0x14 /home/shay/a/ece362/Ac6/SystemWorkbench/plugins/fr.ac6.mcu.externaltools.arm-none.linux64_1.17.0.201812190825/tools/compiler/bin/../lib/gcc/arm-none-eabi/7.3.1/../../../../arm-none-eabi/lib/thumb/v6-m/libm.a(lib_a-s_finite.o)
                0x0000000008005bb4                finite
 .text.floor    0x0000000008005bc8      0x138 /home/shay/a/ece362/Ac6/SystemWorkbench/plugins/fr.ac6.mcu.externaltools.arm-none.linux64_1.17.0.201812190825/tools/compiler/bin/../lib/gcc/arm-none-eabi/7.3.1/../../../../arm-none-eabi/lib/thumb/v6-m/libm.a(lib_a-s_floor.o)
                0x0000000008005bc8                floor
 .text.matherr  0x0000000008005d00        0x4 /home/shay/a/ece362/Ac6/SystemWorkbench/plugins/fr.ac6.mcu.externaltools.arm-none.linux64_1.17.0.201812190825/tools/compiler/bin/../lib/gcc/arm-none-eabi/7.3.1/../../../../arm-none-eabi/lib/thumb/v6-m/libm.a(lib_a-s_matherr.o)
                0x0000000008005d00                matherr
 .text.nan      0x0000000008005d04        0xc /home/shay/a/ece362/Ac6/SystemWorkbench/plugins/fr.ac6.mcu.externaltools.arm-none.linux64_1.17.0.201812190825/tools/compiler/bin/../lib/gcc/arm-none-eabi/7.3.1/../../../../arm-none-eabi/lib/thumb/v6-m/libm.a(lib_a-s_nan.o)
                0x0000000008005d04                nan
 .text.rint     0x0000000008005d10      0x120 /home/shay/a/ece362/Ac6/SystemWorkbench/plugins/fr.ac6.mcu.externaltools.arm-none.linux64_1.17.0.201812190825/tools/compiler/bin/../lib/gcc/arm-none-eabi/7.3.1/../../../../arm-none-eabi/lib/thumb/v6-m/libm.a(lib_a-s_rint.o)
                0x0000000008005d10                rint
 .text.scalbn   0x0000000008005e30       0xd0 /home/shay/a/ece362/Ac6/SystemWorkbench/plugins/fr.ac6.mcu.externaltools.arm-none.linux64_1.17.0.201812190825/tools/compiler/bin/../lib/gcc/arm-none-eabi/7.3.1/../../../../arm-none-eabi/lib/thumb/v6-m/libm.a(lib_a-s_scalbn.o)
                0x0000000008005e30                scalbn
 .text.copysign
                0x0000000008005f00       0x10 /home/shay/a/ece362/Ac6/SystemWorkbench/plugins/fr.ac6.mcu.externaltools.arm-none.linux64_1.17.0.201812190825/tools/compiler/bin/../lib/gcc/arm-none-eabi/7.3.1/../../../../arm-none-eabi/lib/thumb/v6-m/libm.a(lib_a-s_copysign.o)
                0x0000000008005f00                copysign
 .text.__errno  0x0000000008005f10        0xc /home/shay/a/ece362/Ac6/SystemWorkbench/plugins/fr.ac6.mcu.externaltools.arm-none.linux64_1.17.0.201812190825/tools/compiler/bin/../lib/gcc/arm-none-eabi/7.3.1/../../../../arm-none-eabi/lib/thumb/v6-m/libc.a(lib_a-errno.o)
                0x0000000008005f10                __errno
 .text.__libc_init_array
                0x0000000008005f1c       0x48 /home/shay/a/ece362/Ac6/SystemWorkbench/plugins/fr.ac6.mcu.externaltools.arm-none.linux64_1.17.0.201812190825/tools/compiler/bin/../lib/gcc/arm-none-eabi/7.3.1/../../../../arm-none-eabi/lib/thumb/v6-m/libc.a(lib_a-init.o)
                0x0000000008005f1c                __libc_init_array
 .text.startup.register_fini
                0x0000000008005f64       0x18 /home/shay/a/ece362/Ac6/SystemWorkbench/plugins/fr.ac6.mcu.externaltools.arm-none.linux64_1.17.0.201812190825/tools/compiler/bin/../lib/gcc/arm-none-eabi/7.3.1/../../../../arm-none-eabi/lib/thumb/v6-m/libc.a(lib_a-__call_atexit.o)
 .text.atexit   0x0000000008005f7c       0x10 /home/shay/a/ece362/Ac6/SystemWorkbench/plugins/fr.ac6.mcu.externaltools.arm-none.linux64_1.17.0.201812190825/tools/compiler/bin/../lib/gcc/arm-none-eabi/7.3.1/../../../../arm-none-eabi/lib/thumb/v6-m/libc.a(lib_a-atexit.o)
                0x0000000008005f7c                atexit
 .text.__libc_fini_array
                0x0000000008005f8c       0x34 /home/shay/a/ece362/Ac6/SystemWorkbench/plugins/fr.ac6.mcu.externaltools.arm-none.linux64_1.17.0.201812190825/tools/compiler/bin/../lib/gcc/arm-none-eabi/7.3.1/../../../../arm-none-eabi/lib/thumb/v6-m/libc.a(lib_a-fini.o)
                0x0000000008005f8c                __libc_fini_array
 .text.__retarget_lock_acquire_recursive
                0x0000000008005fc0        0x4 /home/shay/a/ece362/Ac6/SystemWorkbench/plugins/fr.ac6.mcu.externaltools.arm-none.linux64_1.17.0.201812190825/tools/compiler/bin/../lib/gcc/arm-none-eabi/7.3.1/../../../../arm-none-eabi/lib/thumb/v6-m/libc.a(lib_a-lock.o)
                0x0000000008005fc0                __retarget_lock_acquire_recursive
 .text.__retarget_lock_release_recursive
                0x0000000008005fc4        0x4 /home/shay/a/ece362/Ac6/SystemWorkbench/plugins/fr.ac6.mcu.externaltools.arm-none.linux64_1.17.0.201812190825/tools/compiler/bin/../lib/gcc/arm-none-eabi/7.3.1/../../../../arm-none-eabi/lib/thumb/v6-m/libc.a(lib_a-lock.o)
                0x0000000008005fc4                __retarget_lock_release_recursive
 .text.__register_exitproc
                0x0000000008005fc8       0xf4 /home/shay/a/ece362/Ac6/SystemWorkbench/plugins/fr.ac6.mcu.externaltools.arm-none.linux64_1.17.0.201812190825/tools/compiler/bin/../lib/gcc/arm-none-eabi/7.3.1/../../../../arm-none-eabi/lib/thumb/v6-m/libc.a(lib_a-__atexit.o)
                0x0000000008005fc8                __register_exitproc
 *(.glue_7)
 .glue_7        0x00000000080060bc        0x0 linker stubs
 *(.glue_7t)
 .glue_7t       0x00000000080060bc        0x0 linker stubs
 *(.eh_frame)
 .eh_frame      0x00000000080060bc        0x0 /home/shay/a/ece362/Ac6/SystemWorkbench/plugins/fr.ac6.mcu.externaltools.arm-none.linux64_1.17.0.201812190825/tools/compiler/bin/../lib/gcc/arm-none-eabi/7.3.1/thumb/v6-m/crtbegin.o
 *(.init)
 .init          0x00000000080060bc        0x4 /home/shay/a/ece362/Ac6/SystemWorkbench/plugins/fr.ac6.mcu.externaltools.arm-none.linux64_1.17.0.201812190825/tools/compiler/bin/../lib/gcc/arm-none-eabi/7.3.1/thumb/v6-m/crti.o
                0x00000000080060bc                _init
 .init          0x00000000080060c0        0x8 /home/shay/a/ece362/Ac6/SystemWorkbench/plugins/fr.ac6.mcu.externaltools.arm-none.linux64_1.17.0.201812190825/tools/compiler/bin/../lib/gcc/arm-none-eabi/7.3.1/thumb/v6-m/crtn.o
 *(.fini)
 .fini          0x00000000080060c8        0x4 /home/shay/a/ece362/Ac6/SystemWorkbench/plugins/fr.ac6.mcu.externaltools.arm-none.linux64_1.17.0.201812190825/tools/compiler/bin/../lib/gcc/arm-none-eabi/7.3.1/thumb/v6-m/crti.o
                0x00000000080060c8                _fini
 .fini          0x00000000080060cc        0x8 /home/shay/a/ece362/Ac6/SystemWorkbench/plugins/fr.ac6.mcu.externaltools.arm-none.linux64_1.17.0.201812190825/tools/compiler/bin/../lib/gcc/arm-none-eabi/7.3.1/thumb/v6-m/crtn.o
                0x00000000080060d4                . = ALIGN (0x4)
                0x00000000080060d4                _etext = .

.vfp11_veneer   0x00000000080060d4        0x0
 .vfp11_veneer  0x00000000080060d4        0x0 linker stubs

.v4_bx          0x00000000080060d4        0x0
 .v4_bx         0x00000000080060d4        0x0 linker stubs

.iplt           0x00000000080060d4        0x0
 .iplt          0x00000000080060d4        0x0 /home/shay/a/ece362/Ac6/SystemWorkbench/plugins/fr.ac6.mcu.externaltools.arm-none.linux64_1.17.0.201812190825/tools/compiler/bin/../lib/gcc/arm-none-eabi/7.3.1/thumb/v6-m/crtbegin.o

.rodata         0x00000000080060d8      0x2bc
                0x00000000080060d8                . = ALIGN (0x4)
 *(.rodata)
 .rodata        0x00000000080060d8       0x40 /home/shay/a/ece362/Ac6/SystemWorkbench/plugins/fr.ac6.mcu.externaltools.arm-none.linux64_1.17.0.201812190825/tools/compiler/bin/../lib/gcc/arm-none-eabi/7.3.1/thumb/v6-m/libgcc.a(divdf3.o)
 .rodata        0x0000000008006118       0x40 /home/shay/a/ece362/Ac6/SystemWorkbench/plugins/fr.ac6.mcu.externaltools.arm-none.linux64_1.17.0.201812190825/tools/compiler/bin/../lib/gcc/arm-none-eabi/7.3.1/thumb/v6-m/libgcc.a(muldf3.o)
 *(.rodata*)
 .rodata.atanhi
                0x0000000008006158       0x20 /home/shay/a/ece362/Ac6/SystemWorkbench/plugins/fr.ac6.mcu.externaltools.arm-none.linux64_1.17.0.201812190825/tools/compiler/bin/../lib/gcc/arm-none-eabi/7.3.1/../../../../arm-none-eabi/lib/thumb/v6-m/libm.a(lib_a-s_atan.o)
 .rodata.atanlo
                0x0000000008006178       0x20 /home/shay/a/ece362/Ac6/SystemWorkbench/plugins/fr.ac6.mcu.externaltools.arm-none.linux64_1.17.0.201812190825/tools/compiler/bin/../lib/gcc/arm-none-eabi/7.3.1/../../../../arm-none-eabi/lib/thumb/v6-m/libm.a(lib_a-s_atan.o)
 .rodata.asin.str1.4
                0x0000000008006198        0x5 /home/shay/a/ece362/Ac6/SystemWorkbench/plugins/fr.ac6.mcu.externaltools.arm-none.linux64_1.17.0.201812190825/tools/compiler/bin/../lib/gcc/arm-none-eabi/7.3.1/../../../../arm-none-eabi/lib/thumb/v6-m/libm.a(lib_a-w_asin.o)
                                          0x9 (size before relaxing)
 *fill*         0x000000000800619d        0x3 
 .rodata.pow.str1.4
                0x00000000080061a0        0x4 /home/shay/a/ece362/Ac6/SystemWorkbench/plugins/fr.ac6.mcu.externaltools.arm-none.linux64_1.17.0.201812190825/tools/compiler/bin/../lib/gcc/arm-none-eabi/7.3.1/../../../../arm-none-eabi/lib/thumb/v6-m/libm.a(lib_a-w_pow.o)
 .rodata.__ieee754_pow.str1.4
                0x00000000080061a4        0x1 /home/shay/a/ece362/Ac6/SystemWorkbench/plugins/fr.ac6.mcu.externaltools.arm-none.linux64_1.17.0.201812190825/tools/compiler/bin/../lib/gcc/arm-none-eabi/7.3.1/../../../../arm-none-eabi/lib/thumb/v6-m/libm.a(lib_a-e_pow.o)
 .rodata.npio2_hw
                0x00000000080061a4       0x80 /home/shay/a/ece362/Ac6/SystemWorkbench/plugins/fr.ac6.mcu.externaltools.arm-none.linux64_1.17.0.201812190825/tools/compiler/bin/../lib/gcc/arm-none-eabi/7.3.1/../../../../arm-none-eabi/lib/thumb/v6-m/libm.a(lib_a-e_rem_pio2.o)
 .rodata.two_over_pi
                0x0000000008006224      0x108 /home/shay/a/ece362/Ac6/SystemWorkbench/plugins/fr.ac6.mcu.externaltools.arm-none.linux64_1.17.0.201812190825/tools/compiler/bin/../lib/gcc/arm-none-eabi/7.3.1/../../../../arm-none-eabi/lib/thumb/v6-m/libm.a(lib_a-e_rem_pio2.o)
 *fill*         0x000000000800632c        0x4 
 .rodata.PIo2   0x0000000008006330       0x40 /home/shay/a/ece362/Ac6/SystemWorkbench/plugins/fr.ac6.mcu.externaltools.arm-none.linux64_1.17.0.201812190825/tools/compiler/bin/../lib/gcc/arm-none-eabi/7.3.1/../../../../arm-none-eabi/lib/thumb/v6-m/libm.a(lib_a-k_rem_pio2.o)
 .rodata.init_jk
                0x0000000008006370       0x10 /home/shay/a/ece362/Ac6/SystemWorkbench/plugins/fr.ac6.mcu.externaltools.arm-none.linux64_1.17.0.201812190825/tools/compiler/bin/../lib/gcc/arm-none-eabi/7.3.1/../../../../arm-none-eabi/lib/thumb/v6-m/libm.a(lib_a-k_rem_pio2.o)
 .rodata.TWO52  0x0000000008006380       0x10 /home/shay/a/ece362/Ac6/SystemWorkbench/plugins/fr.ac6.mcu.externaltools.arm-none.linux64_1.17.0.201812190825/tools/compiler/bin/../lib/gcc/arm-none-eabi/7.3.1/../../../../arm-none-eabi/lib/thumb/v6-m/libm.a(lib_a-s_rint.o)
 .rodata._global_impure_ptr
                0x0000000008006390        0x4 /home/shay/a/ece362/Ac6/SystemWorkbench/plugins/fr.ac6.mcu.externaltools.arm-none.linux64_1.17.0.201812190825/tools/compiler/bin/../lib/gcc/arm-none-eabi/7.3.1/../../../../arm-none-eabi/lib/thumb/v6-m/libc.a(lib_a-impure.o)
                0x0000000008006390                _global_impure_ptr
                0x0000000008006394                . = ALIGN (0x4)

.rel.dyn        0x0000000008006394        0x0
 .rel.iplt      0x0000000008006394        0x0 /home/shay/a/ece362/Ac6/SystemWorkbench/plugins/fr.ac6.mcu.externaltools.arm-none.linux64_1.17.0.201812190825/tools/compiler/bin/../lib/gcc/arm-none-eabi/7.3.1/thumb/v6-m/crtbegin.o

.ARM.extab      0x0000000008006394        0x0
                0x0000000008006394                . = ALIGN (0x4)
 *(.ARM.extab* .gnu.linkonce.armextab.*)
                0x0000000008006394                . = ALIGN (0x4)

.ARM            0x0000000008006394        0x0
                0x0000000008006394                . = ALIGN (0x4)
                0x0000000008006394                __exidx_start = .
 *(.ARM.exidx*)
                0x0000000008006394                __exidx_end = .
                0x0000000008006394                . = ALIGN (0x4)

.preinit_array  0x0000000008006394        0x0
                0x0000000008006394                . = ALIGN (0x4)
                0x0000000008006394                PROVIDE (__preinit_array_start = .)
 *(.preinit_array*)
                0x0000000008006394                PROVIDE (__preinit_array_end = .)
                0x0000000008006394                . = ALIGN (0x4)

.init_array     0x0000000008006394        0x8
                0x0000000008006394                . = ALIGN (0x4)
                0x0000000008006394                PROVIDE (__init_array_start = .)
 *(SORT_BY_NAME(.init_array.*))
 .init_array.00000
                0x0000000008006394        0x4 /home/shay/a/ece362/Ac6/SystemWorkbench/plugins/fr.ac6.mcu.externaltools.arm-none.linux64_1.17.0.201812190825/tools/compiler/bin/../lib/gcc/arm-none-eabi/7.3.1/../../../../arm-none-eabi/lib/thumb/v6-m/libc.a(lib_a-__call_atexit.o)
 *(.init_array*)
 .init_array    0x0000000008006398        0x4 /home/shay/a/ece362/Ac6/SystemWorkbench/plugins/fr.ac6.mcu.externaltools.arm-none.linux64_1.17.0.201812190825/tools/compiler/bin/../lib/gcc/arm-none-eabi/7.3.1/thumb/v6-m/crtbegin.o
                0x000000000800639c                PROVIDE (__init_array_end = .)
                0x000000000800639c                . = ALIGN (0x4)

.fini_array     0x000000000800639c        0x4
                0x000000000800639c                . = ALIGN (0x4)
                0x000000000800639c                PROVIDE (__fini_array_start = .)
 *(SORT_BY_NAME(.fini_array.*))
 *(.fini_array*)
 .fini_array    0x000000000800639c        0x4 /home/shay/a/ece362/Ac6/SystemWorkbench/plugins/fr.ac6.mcu.externaltools.arm-none.linux64_1.17.0.201812190825/tools/compiler/bin/../lib/gcc/arm-none-eabi/7.3.1/thumb/v6-m/crtbegin.o
                0x00000000080063a0                PROVIDE (__fini_array_end = .)
                0x00000000080063a0                . = ALIGN (0x4)
                0x00000000080063a0                _sidata = LOADADDR (.data)

.data           0x0000000020000000      0x47c load address 0x00000000080063a0
                0x0000000020000000                . = ALIGN (0x4)
                0x0000000020000000                _sdata = .
 *(.data)
 .data          0x0000000020000000       0x44 src/display.o
                0x0000000020000000                oledDisp
 .data          0x0000000020000044        0x4 src/interrupts.o
                0x0000000020000044                volume
 *(.data*)
 .data.__fdlib_version
                0x0000000020000048        0x1 /home/shay/a/ece362/Ac6/SystemWorkbench/plugins/fr.ac6.mcu.externaltools.arm-none.linux64_1.17.0.201812190825/tools/compiler/bin/../lib/gcc/arm-none-eabi/7.3.1/../../../../arm-none-eabi/lib/thumb/v6-m/libm.a(lib_a-s_lib_ver.o)
                0x0000000020000048                __fdlib_version
 *fill*         0x0000000020000049        0x3 
 .data._impure_ptr
                0x000000002000004c        0x4 /home/shay/a/ece362/Ac6/SystemWorkbench/plugins/fr.ac6.mcu.externaltools.arm-none.linux64_1.17.0.201812190825/tools/compiler/bin/../lib/gcc/arm-none-eabi/7.3.1/../../../../arm-none-eabi/lib/thumb/v6-m/libc.a(lib_a-impure.o)
                0x000000002000004c                _impure_ptr
 .data.impure_data
                0x0000000020000050      0x428 /home/shay/a/ece362/Ac6/SystemWorkbench/plugins/fr.ac6.mcu.externaltools.arm-none.linux64_1.17.0.201812190825/tools/compiler/bin/../lib/gcc/arm-none-eabi/7.3.1/../../../../arm-none-eabi/lib/thumb/v6-m/libc.a(lib_a-impure.o)
 .data.__atexit_recursive_mutex
                0x0000000020000478        0x4 /home/shay/a/ece362/Ac6/SystemWorkbench/plugins/fr.ac6.mcu.externaltools.arm-none.linux64_1.17.0.201812190825/tools/compiler/bin/../lib/gcc/arm-none-eabi/7.3.1/../../../../arm-none-eabi/lib/thumb/v6-m/libc.a(lib_a-__call_atexit.o)
                0x0000000020000478                __atexit_recursive_mutex
                0x000000002000047c                . = ALIGN (0x4)
                0x000000002000047c                _edata = .

.igot.plt       0x000000002000047c        0x0 load address 0x000000000800681c
 .igot.plt      0x000000002000047c        0x0 /home/shay/a/ece362/Ac6/SystemWorkbench/plugins/fr.ac6.mcu.externaltools.arm-none.linux64_1.17.0.201812190825/tools/compiler/bin/../lib/gcc/arm-none-eabi/7.3.1/thumb/v6-m/crtbegin.o
                0x000000002000047c                . = ALIGN (0x4)

.bss            0x000000002000047c     0x2038 load address 0x000000000800681c
                0x000000002000047c                _sbss = .
                0x000000002000047c                __bss_start__ = _sbss
 *(.bss)
 .bss           0x000000002000047c       0x1c /home/shay/a/ece362/Ac6/SystemWorkbench/plugins/fr.ac6.mcu.externaltools.arm-none.linux64_1.17.0.201812190825/tools/compiler/bin/../lib/gcc/arm-none-eabi/7.3.1/thumb/v6-m/crtbegin.o
 .bss           0x0000000020000498        0x1 src/dac.o
                0x0000000020000498                prog
 *fill*         0x0000000020000499        0x3 
 .bss           0x000000002000049c        0xd src/interrupts.o
                0x00000000200004a0                step
                0x00000000200004a4                offset
                0x00000000200004a8                wavenum
 *(.bss*)
 *(COMMON)
 *fill*         0x00000000200004a9        0x3 
 COMMON         0x00000000200004ac       0x9c src/dac.o
                0x00000000200004ac                midiState
                0x00000000200004b0                stepList
                0x00000000200004d8                midiMsg
                0x00000000200004dc                usartHead
                0x00000000200004e0                usartTail
                0x00000000200004e4                usartBuffer
                0x0000000020000504                noteIndex
                0x0000000020000508                noteList
                0x000000002000051c                offsetList
                0x0000000020000544                dacScale
 COMMON         0x0000000020000548        0x1 src/display.o
                0x0000000020000548                screenState
 *fill*         0x0000000020000549        0x3 
 COMMON         0x000000002000054c     0x1f41 src/interrupts.o
                0x000000002000054c                wavetable
                0x000000002000248c                pedal
 *fill*         0x000000002000248d        0x3 
 COMMON         0x0000000020002490       0x21 /home/shay/a/ece362/Ac6/SystemWorkbench/plugins/fr.ac6.mcu.externaltools.arm-none.linux64_1.17.0.201812190825/tools/compiler/bin/../lib/gcc/arm-none-eabi/7.3.1/../../../../arm-none-eabi/lib/thumb/v6-m/libc.a(lib_a-lock.o)
                0x0000000020002490                __lock___atexit_recursive_mutex
                0x0000000020002494                __lock___arc4random_mutex
                0x0000000020002498                __lock___env_recursive_mutex
                0x000000002000249c                __lock___sinit_recursive_mutex
                0x00000000200024a0                __lock___malloc_recursive_mutex
                0x00000000200024a4                __lock___at_quick_exit_mutex
                0x00000000200024a8                __lock___dd_hash_mutex
                0x00000000200024ac                __lock___tz_mutex
                0x00000000200024b0                __lock___sfp_recursive_mutex
                0x00000000200024b4                . = ALIGN (0x4)
 *fill*         0x00000000200024b1        0x3 
                0x00000000200024b4                _ebss = .
                0x00000000200024b4                __bss_end__ = _ebss

._user_heap_stack
                0x00000000200024b4      0x404 load address 0x000000000800681c
                0x00000000200024b8                . = ALIGN (0x8)
 *fill*         0x00000000200024b4        0x4 
                0x00000000200024b8                PROVIDE (end = .)
                [!provide]                        PROVIDE (_end = .)
                0x00000000200024b8                . = (. + _Min_Heap_Size)
                0x00000000200028b8                . = (. + _Min_Stack_Size)
 *fill*         0x00000000200024b8      0x400 
                0x00000000200028b8                . = ALIGN (0x8)

/DISCARD/
 libc.a(*)
 libm.a(*)
 libgcc.a(*)

.ARM.attributes
                0x0000000000000000       0x28
 *(.ARM.attributes)
 .ARM.attributes
                0x0000000000000000       0x1e /home/shay/a/ece362/Ac6/SystemWorkbench/plugins/fr.ac6.mcu.externaltools.arm-none.linux64_1.17.0.201812190825/tools/compiler/bin/../lib/gcc/arm-none-eabi/7.3.1/thumb/v6-m/crti.o
 .ARM.attributes
                0x000000000000001e       0x2c /home/shay/a/ece362/Ac6/SystemWorkbench/plugins/fr.ac6.mcu.externaltools.arm-none.linux64_1.17.0.201812190825/tools/compiler/bin/../lib/gcc/arm-none-eabi/7.3.1/thumb/v6-m/crtbegin.o
 .ARM.attributes
                0x000000000000004a       0x31 src/dac.o
 .ARM.attributes
                0x000000000000007b       0x31 src/display.o
 .ARM.attributes
                0x00000000000000ac       0x31 src/interrupts.o
 .ARM.attributes
                0x00000000000000dd       0x31 src/main.o
 .ARM.attributes
                0x000000000000010e       0x31 src/midi.o
 .ARM.attributes
                0x000000000000013f       0x31 src/system_stm32f0xx.o
 .ARM.attributes
                0x0000000000000170       0x21 startup/startup_stm32.o
 .ARM.attributes
                0x0000000000000191       0x2c /home/shay/a/ece362/Ac6/SystemWorkbench/plugins/fr.ac6.mcu.externaltools.arm-none.linux64_1.17.0.201812190825/tools/compiler/bin/../lib/gcc/arm-none-eabi/7.3.1/../../../../arm-none-eabi/lib/thumb/v6-m/libm.a(lib_a-s_atan.o)
 .ARM.attributes
                0x00000000000001bd       0x2c /home/shay/a/ece362/Ac6/SystemWorkbench/plugins/fr.ac6.mcu.externaltools.arm-none.linux64_1.17.0.201812190825/tools/compiler/bin/../lib/gcc/arm-none-eabi/7.3.1/../../../../arm-none-eabi/lib/thumb/v6-m/libm.a(lib_a-s_cos.o)
 .ARM.attributes
                0x00000000000001e9       0x2c /home/shay/a/ece362/Ac6/SystemWorkbench/plugins/fr.ac6.mcu.externaltools.arm-none.linux64_1.17.0.201812190825/tools/compiler/bin/../lib/gcc/arm-none-eabi/7.3.1/../../../../arm-none-eabi/lib/thumb/v6-m/libm.a(lib_a-s_fabs.o)
 .ARM.attributes
                0x0000000000000215       0x2c /home/shay/a/ece362/Ac6/SystemWorkbench/plugins/fr.ac6.mcu.externaltools.arm-none.linux64_1.17.0.201812190825/tools/compiler/bin/../lib/gcc/arm-none-eabi/7.3.1/../../../../arm-none-eabi/lib/thumb/v6-m/libm.a(lib_a-s_sin.o)
 .ARM.attributes
                0x0000000000000241       0x2c /home/shay/a/ece362/Ac6/SystemWorkbench/plugins/fr.ac6.mcu.externaltools.arm-none.linux64_1.17.0.201812190825/tools/compiler/bin/../lib/gcc/arm-none-eabi/7.3.1/../../../../arm-none-eabi/lib/thumb/v6-m/libm.a(lib_a-w_asin.o)
 .ARM.attributes
                0x000000000000026d       0x2c /home/shay/a/ece362/Ac6/SystemWorkbench/plugins/fr.ac6.mcu.externaltools.arm-none.linux64_1.17.0.201812190825/tools/compiler/bin/../lib/gcc/arm-none-eabi/7.3.1/../../../../arm-none-eabi/lib/thumb/v6-m/libm.a(lib_a-w_pow.o)
 .ARM.attributes
                0x0000000000000299       0x2c /home/shay/a/ece362/Ac6/SystemWorkbench/plugins/fr.ac6.mcu.externaltools.arm-none.linux64_1.17.0.201812190825/tools/compiler/bin/../lib/gcc/arm-none-eabi/7.3.1/../../../../arm-none-eabi/lib/thumb/v6-m/libm.a(lib_a-e_asin.o)
 .ARM.attributes
                0x00000000000002c5       0x2c /home/shay/a/ece362/Ac6/SystemWorkbench/plugins/fr.ac6.mcu.externaltools.arm-none.linux64_1.17.0.201812190825/tools/compiler/bin/../lib/gcc/arm-none-eabi/7.3.1/../../../../arm-none-eabi/lib/thumb/v6-m/libm.a(lib_a-e_pow.o)
 .ARM.attributes
                0x00000000000002f1       0x2c /home/shay/a/ece362/Ac6/SystemWorkbench/plugins/fr.ac6.mcu.externaltools.arm-none.linux64_1.17.0.201812190825/tools/compiler/bin/../lib/gcc/arm-none-eabi/7.3.1/../../../../arm-none-eabi/lib/thumb/v6-m/libm.a(lib_a-e_rem_pio2.o)
 .ARM.attributes
                0x000000000000031d       0x2c /home/shay/a/ece362/Ac6/SystemWorkbench/plugins/fr.ac6.mcu.externaltools.arm-none.linux64_1.17.0.201812190825/tools/compiler/bin/../lib/gcc/arm-none-eabi/7.3.1/../../../../arm-none-eabi/lib/thumb/v6-m/libm.a(lib_a-e_sqrt.o)
 .ARM.attributes
                0x0000000000000349       0x2c /home/shay/a/ece362/Ac6/SystemWorkbench/plugins/fr.ac6.mcu.externaltools.arm-none.linux64_1.17.0.201812190825/tools/compiler/bin/../lib/gcc/arm-none-eabi/7.3.1/../../../../arm-none-eabi/lib/thumb/v6-m/libm.a(lib_a-k_cos.o)
 .ARM.attributes
                0x0000000000000375       0x2c /home/shay/a/ece362/Ac6/SystemWorkbench/plugins/fr.ac6.mcu.externaltools.arm-none.linux64_1.17.0.201812190825/tools/compiler/bin/../lib/gcc/arm-none-eabi/7.3.1/../../../../arm-none-eabi/lib/thumb/v6-m/libm.a(lib_a-k_rem_pio2.o)
 .ARM.attributes
                0x00000000000003a1       0x2c /home/shay/a/ece362/Ac6/SystemWorkbench/plugins/fr.ac6.mcu.externaltools.arm-none.linux64_1.17.0.201812190825/tools/compiler/bin/../lib/gcc/arm-none-eabi/7.3.1/../../../../arm-none-eabi/lib/thumb/v6-m/libm.a(lib_a-k_sin.o)
 .ARM.attributes
                0x00000000000003cd       0x2c /home/shay/a/ece362/Ac6/SystemWorkbench/plugins/fr.ac6.mcu.externaltools.arm-none.linux64_1.17.0.201812190825/tools/compiler/bin/../lib/gcc/arm-none-eabi/7.3.1/../../../../arm-none-eabi/lib/thumb/v6-m/libm.a(lib_a-s_finite.o)
 .ARM.attributes
                0x00000000000003f9       0x2c /home/shay/a/ece362/Ac6/SystemWorkbench/plugins/fr.ac6.mcu.externaltools.arm-none.linux64_1.17.0.201812190825/tools/compiler/bin/../lib/gcc/arm-none-eabi/7.3.1/../../../../arm-none-eabi/lib/thumb/v6-m/libm.a(lib_a-s_floor.o)
 .ARM.attributes
                0x0000000000000425       0x2c /home/shay/a/ece362/Ac6/SystemWorkbench/plugins/fr.ac6.mcu.externaltools.arm-none.linux64_1.17.0.201812190825/tools/compiler/bin/../lib/gcc/arm-none-eabi/7.3.1/../../../../arm-none-eabi/lib/thumb/v6-m/libm.a(lib_a-s_lib_ver.o)
 .ARM.attributes
                0x0000000000000451       0x2c /home/shay/a/ece362/Ac6/SystemWorkbench/plugins/fr.ac6.mcu.externaltools.arm-none.linux64_1.17.0.201812190825/tools/compiler/bin/../lib/gcc/arm-none-eabi/7.3.1/../../../../arm-none-eabi/lib/thumb/v6-m/libm.a(lib_a-s_matherr.o)
 .ARM.attributes
                0x000000000000047d       0x2c /home/shay/a/ece362/Ac6/SystemWorkbench/plugins/fr.ac6.mcu.externaltools.arm-none.linux64_1.17.0.201812190825/tools/compiler/bin/../lib/gcc/arm-none-eabi/7.3.1/../../../../arm-none-eabi/lib/thumb/v6-m/libm.a(lib_a-s_nan.o)
 .ARM.attributes
                0x00000000000004a9       0x2c /home/shay/a/ece362/Ac6/SystemWorkbench/plugins/fr.ac6.mcu.externaltools.arm-none.linux64_1.17.0.201812190825/tools/compiler/bin/../lib/gcc/arm-none-eabi/7.3.1/../../../../arm-none-eabi/lib/thumb/v6-m/libm.a(lib_a-s_rint.o)
 .ARM.attributes
                0x00000000000004d5       0x2c /home/shay/a/ece362/Ac6/SystemWorkbench/plugins/fr.ac6.mcu.externaltools.arm-none.linux64_1.17.0.201812190825/tools/compiler/bin/../lib/gcc/arm-none-eabi/7.3.1/../../../../arm-none-eabi/lib/thumb/v6-m/libm.a(lib_a-s_scalbn.o)
 .ARM.attributes
                0x0000000000000501       0x2c /home/shay/a/ece362/Ac6/SystemWorkbench/plugins/fr.ac6.mcu.externaltools.arm-none.linux64_1.17.0.201812190825/tools/compiler/bin/../lib/gcc/arm-none-eabi/7.3.1/../../../../arm-none-eabi/lib/thumb/v6-m/libm.a(lib_a-s_copysign.o)
 .ARM.attributes
                0x000000000000052d       0x1e /home/shay/a/ece362/Ac6/SystemWorkbench/plugins/fr.ac6.mcu.externaltools.arm-none.linux64_1.17.0.201812190825/tools/compiler/bin/../lib/gcc/arm-none-eabi/7.3.1/thumb/v6-m/libgcc.a(_udivsi3.o)
 .ARM.attributes
                0x000000000000054b       0x1e /home/shay/a/ece362/Ac6/SystemWorkbench/plugins/fr.ac6.mcu.externaltools.arm-none.linux64_1.17.0.201812190825/tools/compiler/bin/../lib/gcc/arm-none-eabi/7.3.1/thumb/v6-m/libgcc.a(_divsi3.o)
 .ARM.attributes
                0x0000000000000569       0x1e /home/shay/a/ece362/Ac6/SystemWorkbench/plugins/fr.ac6.mcu.externaltools.arm-none.linux64_1.17.0.201812190825/tools/compiler/bin/../lib/gcc/arm-none-eabi/7.3.1/thumb/v6-m/libgcc.a(_dvmd_tls.o)
 .ARM.attributes
                0x0000000000000587       0x1e /home/shay/a/ece362/Ac6/SystemWorkbench/plugins/fr.ac6.mcu.externaltools.arm-none.linux64_1.17.0.201812190825/tools/compiler/bin/../lib/gcc/arm-none-eabi/7.3.1/thumb/v6-m/libgcc.a(_arm_cmpdf2.o)
 .ARM.attributes
                0x00000000000005a5       0x2c /home/shay/a/ece362/Ac6/SystemWorkbench/plugins/fr.ac6.mcu.externaltools.arm-none.linux64_1.17.0.201812190825/tools/compiler/bin/../lib/gcc/arm-none-eabi/7.3.1/thumb/v6-m/libgcc.a(_fixunsdfsi.o)
 .ARM.attributes
                0x00000000000005d1       0x2c /home/shay/a/ece362/Ac6/SystemWorkbench/plugins/fr.ac6.mcu.externaltools.arm-none.linux64_1.17.0.201812190825/tools/compiler/bin/../lib/gcc/arm-none-eabi/7.3.1/thumb/v6-m/libgcc.a(adddf3.o)
 .ARM.attributes
                0x00000000000005fd       0x2c /home/shay/a/ece362/Ac6/SystemWorkbench/plugins/fr.ac6.mcu.externaltools.arm-none.linux64_1.17.0.201812190825/tools/compiler/bin/../lib/gcc/arm-none-eabi/7.3.1/thumb/v6-m/libgcc.a(divdf3.o)
 .ARM.attributes
                0x0000000000000629       0x2c /home/shay/a/ece362/Ac6/SystemWorkbench/plugins/fr.ac6.mcu.externaltools.arm-none.linux64_1.17.0.201812190825/tools/compiler/bin/../lib/gcc/arm-none-eabi/7.3.1/thumb/v6-m/libgcc.a(eqdf2.o)
 .ARM.attributes
                0x0000000000000655       0x2c /home/shay/a/ece362/Ac6/SystemWorkbench/plugins/fr.ac6.mcu.externaltools.arm-none.linux64_1.17.0.201812190825/tools/compiler/bin/../lib/gcc/arm-none-eabi/7.3.1/thumb/v6-m/libgcc.a(gedf2.o)
 .ARM.attributes
                0x0000000000000681       0x2c /home/shay/a/ece362/Ac6/SystemWorkbench/plugins/fr.ac6.mcu.externaltools.arm-none.linux64_1.17.0.201812190825/tools/compiler/bin/../lib/gcc/arm-none-eabi/7.3.1/thumb/v6-m/libgcc.a(ledf2.o)
 .ARM.attributes
                0x00000000000006ad       0x2c /home/shay/a/ece362/Ac6/SystemWorkbench/plugins/fr.ac6.mcu.externaltools.arm-none.linux64_1.17.0.201812190825/tools/compiler/bin/../lib/gcc/arm-none-eabi/7.3.1/thumb/v6-m/libgcc.a(muldf3.o)
 .ARM.attributes
                0x00000000000006d9       0x2c /home/shay/a/ece362/Ac6/SystemWorkbench/plugins/fr.ac6.mcu.externaltools.arm-none.linux64_1.17.0.201812190825/tools/compiler/bin/../lib/gcc/arm-none-eabi/7.3.1/thumb/v6-m/libgcc.a(subdf3.o)
 .ARM.attributes
                0x0000000000000705       0x2c /home/shay/a/ece362/Ac6/SystemWorkbench/plugins/fr.ac6.mcu.externaltools.arm-none.linux64_1.17.0.201812190825/tools/compiler/bin/../lib/gcc/arm-none-eabi/7.3.1/thumb/v6-m/libgcc.a(unorddf2.o)
 .ARM.attributes
                0x0000000000000731       0x2c /home/shay/a/ece362/Ac6/SystemWorkbench/plugins/fr.ac6.mcu.externaltools.arm-none.linux64_1.17.0.201812190825/tools/compiler/bin/../lib/gcc/arm-none-eabi/7.3.1/thumb/v6-m/libgcc.a(fixdfsi.o)
 .ARM.attributes
                0x000000000000075d       0x2c /home/shay/a/ece362/Ac6/SystemWorkbench/plugins/fr.ac6.mcu.externaltools.arm-none.linux64_1.17.0.201812190825/tools/compiler/bin/../lib/gcc/arm-none-eabi/7.3.1/thumb/v6-m/libgcc.a(floatsidf.o)
 .ARM.attributes
                0x0000000000000789       0x1e /home/shay/a/ece362/Ac6/SystemWorkbench/plugins/fr.ac6.mcu.externaltools.arm-none.linux64_1.17.0.201812190825/tools/compiler/bin/../lib/gcc/arm-none-eabi/7.3.1/thumb/v6-m/libgcc.a(_clzsi2.o)
 .ARM.attributes
                0x00000000000007a7       0x2c /home/shay/a/ece362/Ac6/SystemWorkbench/plugins/fr.ac6.mcu.externaltools.arm-none.linux64_1.17.0.201812190825/tools/compiler/bin/../lib/gcc/arm-none-eabi/7.3.1/../../../../arm-none-eabi/lib/thumb/v6-m/libc.a(lib_a-errno.o)
 .ARM.attributes
                0x00000000000007d3       0x2c /home/shay/a/ece362/Ac6/SystemWorkbench/plugins/fr.ac6.mcu.externaltools.arm-none.linux64_1.17.0.201812190825/tools/compiler/bin/../lib/gcc/arm-none-eabi/7.3.1/../../../../arm-none-eabi/lib/thumb/v6-m/libc.a(lib_a-impure.o)
 .ARM.attributes
                0x00000000000007ff       0x2c /home/shay/a/ece362/Ac6/SystemWorkbench/plugins/fr.ac6.mcu.externaltools.arm-none.linux64_1.17.0.201812190825/tools/compiler/bin/../lib/gcc/arm-none-eabi/7.3.1/../../../../arm-none-eabi/lib/thumb/v6-m/libc.a(lib_a-init.o)
 .ARM.attributes
                0x000000000000082b       0x2c /home/shay/a/ece362/Ac6/SystemWorkbench/plugins/fr.ac6.mcu.externaltools.arm-none.linux64_1.17.0.201812190825/tools/compiler/bin/../lib/gcc/arm-none-eabi/7.3.1/../../../../arm-none-eabi/lib/thumb/v6-m/libc.a(lib_a-__call_atexit.o)
 .ARM.attributes
                0x0000000000000857       0x2c /home/shay/a/ece362/Ac6/SystemWorkbench/plugins/fr.ac6.mcu.externaltools.arm-none.linux64_1.17.0.201812190825/tools/compiler/bin/../lib/gcc/arm-none-eabi/7.3.1/../../../../arm-none-eabi/lib/thumb/v6-m/libc.a(lib_a-atexit.o)
 .ARM.attributes
                0x0000000000000883       0x2c /home/shay/a/ece362/Ac6/SystemWorkbench/plugins/fr.ac6.mcu.externaltools.arm-none.linux64_1.17.0.201812190825/tools/compiler/bin/../lib/gcc/arm-none-eabi/7.3.1/../../../../arm-none-eabi/lib/thumb/v6-m/libc.a(lib_a-fini.o)
 .ARM.attributes
                0x00000000000008af       0x2c /home/shay/a/ece362/Ac6/SystemWorkbench/plugins/fr.ac6.mcu.externaltools.arm-none.linux64_1.17.0.201812190825/tools/compiler/bin/../lib/gcc/arm-none-eabi/7.3.1/../../../../arm-none-eabi/lib/thumb/v6-m/libc.a(lib_a-lock.o)
 .ARM.attributes
                0x00000000000008db       0x2c /home/shay/a/ece362/Ac6/SystemWorkbench/plugins/fr.ac6.mcu.externaltools.arm-none.linux64_1.17.0.201812190825/tools/compiler/bin/../lib/gcc/arm-none-eabi/7.3.1/../../../../arm-none-eabi/lib/thumb/v6-m/libc.a(lib_a-__atexit.o)
 .ARM.attributes
                0x0000000000000907       0x1e /home/shay/a/ece362/Ac6/SystemWorkbench/plugins/fr.ac6.mcu.externaltools.arm-none.linux64_1.17.0.201812190825/tools/compiler/bin/../lib/gcc/arm-none-eabi/7.3.1/thumb/v6-m/crtn.o
OUTPUT(miniproject.elf elf32-littlearm)

.debug_info     0x0000000000000000     0x4848
 .debug_info    0x0000000000000000     0x115e src/dac.o
 .debug_info    0x000000000000115e      0x63f src/display.o
 .debug_info    0x000000000000179d     0x1075 src/interrupts.o
 .debug_info    0x0000000000002812     0x10b0 src/main.o
 .debug_info    0x00000000000038c2      0xc5e src/midi.o
 .debug_info    0x0000000000004520      0x306 src/system_stm32f0xx.o
 .debug_info    0x0000000000004826       0x22 startup/startup_stm32.o

.debug_abbrev   0x0000000000000000      0xda2
 .debug_abbrev  0x0000000000000000      0x287 src/dac.o
 .debug_abbrev  0x0000000000000287      0x1b7 src/display.o
 .debug_abbrev  0x000000000000043e      0x288 src/interrupts.o
 .debug_abbrev  0x00000000000006c6      0x2bb src/main.o
 .debug_abbrev  0x0000000000000981      0x2b4 src/midi.o
 .debug_abbrev  0x0000000000000c35      0x15b src/system_stm32f0xx.o
 .debug_abbrev  0x0000000000000d90       0x12 startup/startup_stm32.o

.debug_aranges  0x0000000000000000      0x1e8
 .debug_aranges
                0x0000000000000000       0x38 src/dac.o
 .debug_aranges
                0x0000000000000038       0x60 src/display.o
 .debug_aranges
                0x0000000000000098       0x50 src/interrupts.o
 .debug_aranges
                0x00000000000000e8       0x38 src/main.o
 .debug_aranges
                0x0000000000000120       0x70 src/midi.o
 .debug_aranges
                0x0000000000000190       0x30 src/system_stm32f0xx.o
 .debug_aranges
                0x00000000000001c0       0x28 startup/startup_stm32.o

.debug_ranges   0x0000000000000000      0x180
 .debug_ranges  0x0000000000000000       0x28 src/dac.o
 .debug_ranges  0x0000000000000028       0x50 src/display.o
 .debug_ranges  0x0000000000000078       0x40 src/interrupts.o
 .debug_ranges  0x00000000000000b8       0x28 src/main.o
 .debug_ranges  0x00000000000000e0       0x60 src/midi.o
 .debug_ranges  0x0000000000000140       0x20 src/system_stm32f0xx.o
 .debug_ranges  0x0000000000000160       0x20 startup/startup_stm32.o

.debug_macro    0x0000000000000000     0x16c6
 .debug_macro   0x0000000000000000      0x23e src/dac.o
 .debug_macro   0x000000000000023e       0x22 src/dac.o
 .debug_macro   0x0000000000000260       0x5e src/dac.o
 .debug_macro   0x00000000000002be       0x18 src/dac.o
 .debug_macro   0x00000000000002d6       0x35 src/dac.o
 .debug_macro   0x000000000000030b       0x34 src/dac.o
 .debug_macro   0x000000000000033f      0x174 src/dac.o
 .debug_macro   0x00000000000004b3       0x58 src/dac.o
 .debug_macro   0x000000000000050b       0x1f src/dac.o
 .debug_macro   0x000000000000052a       0x43 src/dac.o
 .debug_macro   0x000000000000056d       0x20 src/dac.o
 .debug_macro   0x000000000000058d      0x18e src/dac.o
 .debug_macro   0x000000000000071b      0x330 src/dac.o
 .debug_macro   0x0000000000000a4b      0x1e1 src/dac.o
 .debug_macro   0x0000000000000c2c       0x28 src/dac.o
 .debug_macro   0x0000000000000c54      0x196 src/display.o
 .debug_macro   0x0000000000000dea      0x282 src/interrupts.o
 .debug_macro   0x000000000000106c       0x10 src/interrupts.o
 .debug_macro   0x000000000000107c       0x35 src/interrupts.o
 .debug_macro   0x00000000000010b1      0x246 src/main.o
 .debug_macro   0x00000000000012f7      0x246 src/midi.o
 .debug_macro   0x000000000000153d      0x189 src/system_stm32f0xx.o

.debug_line     0x0000000000000000     0x2c5f
 .debug_line    0x0000000000000000      0x736 src/dac.o
 .debug_line    0x0000000000000736      0x74f src/display.o
 .debug_line    0x0000000000000e85      0x772 src/interrupts.o
 .debug_line    0x00000000000015f7      0x747 src/main.o
 .debug_line    0x0000000000001d3e      0x813 src/midi.o
 .debug_line    0x0000000000002551      0x692 src/system_stm32f0xx.o
 .debug_line    0x0000000000002be3       0x7c startup/startup_stm32.o

.debug_str      0x0000000000000000    0x4e767
 .debug_str     0x0000000000000000    0x4e2ea src/dac.o
                                      0x4e625 (size before relaxing)
 .debug_str     0x000000000004e2ea      0x119 src/display.o
                                      0x4ac5f (size before relaxing)
 .debug_str     0x000000000004e403      0x166 src/interrupts.o
                                      0x4e5fe (size before relaxing)
 .debug_str     0x000000000004e569       0x65 src/main.o
                                      0x4e5cd (size before relaxing)
 .debug_str     0x000000000004e5ce       0xc1 src/midi.o
                                      0x4e2e7 (size before relaxing)
 .debug_str     0x000000000004e68f       0xaf src/system_stm32f0xx.o
                                      0x4aaa1 (size before relaxing)
 .debug_str     0x000000000004e73e       0x29 startup/startup_stm32.o
                                         0x67 (size before relaxing)

.comment        0x0000000000000000       0x7f
 .comment       0x0000000000000000       0x7f src/dac.o
                                         0x80 (size before relaxing)
 .comment       0x000000000000007f       0x80 src/display.o
 .comment       0x000000000000007f       0x80 src/interrupts.o
 .comment       0x000000000000007f       0x80 src/main.o
 .comment       0x000000000000007f       0x80 src/midi.o
 .comment       0x000000000000007f       0x80 src/system_stm32f0xx.o

.debug_frame    0x0000000000000000      0xd2c
 .debug_frame   0x0000000000000000       0x90 src/dac.o
 .debug_frame   0x0000000000000090      0x120 src/display.o
 .debug_frame   0x00000000000001b0       0xdc src/interrupts.o
 .debug_frame   0x000000000000028c       0x84 src/main.o
 .debug_frame   0x0000000000000310      0x168 src/midi.o
 .debug_frame   0x0000000000000478       0x6c src/system_stm32f0xx.o
 .debug_frame   0x00000000000004e4       0x3c /home/shay/a/ece362/Ac6/SystemWorkbench/plugins/fr.ac6.mcu.externaltools.arm-none.linux64_1.17.0.201812190825/tools/compiler/bin/../lib/gcc/arm-none-eabi/7.3.1/../../../../arm-none-eabi/lib/thumb/v6-m/libm.a(lib_a-s_atan.o)
 .debug_frame   0x0000000000000520       0x2c /home/shay/a/ece362/Ac6/SystemWorkbench/plugins/fr.ac6.mcu.externaltools.arm-none.linux64_1.17.0.201812190825/tools/compiler/bin/../lib/gcc/arm-none-eabi/7.3.1/../../../../arm-none-eabi/lib/thumb/v6-m/libm.a(lib_a-s_cos.o)
 .debug_frame   0x000000000000054c       0x20 /home/shay/a/ece362/Ac6/SystemWorkbench/plugins/fr.ac6.mcu.externaltools.arm-none.linux64_1.17.0.201812190825/tools/compiler/bin/../lib/gcc/arm-none-eabi/7.3.1/../../../../arm-none-eabi/lib/thumb/v6-m/libm.a(lib_a-s_fabs.o)
 .debug_frame   0x000000000000056c       0x2c /home/shay/a/ece362/Ac6/SystemWorkbench/plugins/fr.ac6.mcu.externaltools.arm-none.linux64_1.17.0.201812190825/tools/compiler/bin/../lib/gcc/arm-none-eabi/7.3.1/../../../../arm-none-eabi/lib/thumb/v6-m/libm.a(lib_a-s_sin.o)
 .debug_frame   0x0000000000000598       0x38 /home/shay/a/ece362/Ac6/SystemWorkbench/plugins/fr.ac6.mcu.externaltools.arm-none.linux64_1.17.0.201812190825/tools/compiler/bin/../lib/gcc/arm-none-eabi/7.3.1/../../../../arm-none-eabi/lib/thumb/v6-m/libm.a(lib_a-w_asin.o)
 .debug_frame   0x00000000000005d0       0x3c /home/shay/a/ece362/Ac6/SystemWorkbench/plugins/fr.ac6.mcu.externaltools.arm-none.linux64_1.17.0.201812190825/tools/compiler/bin/../lib/gcc/arm-none-eabi/7.3.1/../../../../arm-none-eabi/lib/thumb/v6-m/libm.a(lib_a-w_pow.o)
 .debug_frame   0x000000000000060c       0x38 /home/shay/a/ece362/Ac6/SystemWorkbench/plugins/fr.ac6.mcu.externaltools.arm-none.linux64_1.17.0.201812190825/tools/compiler/bin/../lib/gcc/arm-none-eabi/7.3.1/../../../../arm-none-eabi/lib/thumb/v6-m/libm.a(lib_a-e_asin.o)
 .debug_frame   0x0000000000000644       0x3c /home/shay/a/ece362/Ac6/SystemWorkbench/plugins/fr.ac6.mcu.externaltools.arm-none.linux64_1.17.0.201812190825/tools/compiler/bin/../lib/gcc/arm-none-eabi/7.3.1/../../../../arm-none-eabi/lib/thumb/v6-m/libm.a(lib_a-e_pow.o)
 .debug_frame   0x0000000000000680       0x3c /home/shay/a/ece362/Ac6/SystemWorkbench/plugins/fr.ac6.mcu.externaltools.arm-none.linux64_1.17.0.201812190825/tools/compiler/bin/../lib/gcc/arm-none-eabi/7.3.1/../../../../arm-none-eabi/lib/thumb/v6-m/libm.a(lib_a-e_rem_pio2.o)
 .debug_frame   0x00000000000006bc       0x38 /home/shay/a/ece362/Ac6/SystemWorkbench/plugins/fr.ac6.mcu.externaltools.arm-none.linux64_1.17.0.201812190825/tools/compiler/bin/../lib/gcc/arm-none-eabi/7.3.1/../../../../arm-none-eabi/lib/thumb/v6-m/libm.a(lib_a-e_sqrt.o)
 .debug_frame   0x00000000000006f4       0x38 /home/shay/a/ece362/Ac6/SystemWorkbench/plugins/fr.ac6.mcu.externaltools.arm-none.linux64_1.17.0.201812190825/tools/compiler/bin/../lib/gcc/arm-none-eabi/7.3.1/../../../../arm-none-eabi/lib/thumb/v6-m/libm.a(lib_a-k_cos.o)
 .debug_frame   0x000000000000072c       0x3c /home/shay/a/ece362/Ac6/SystemWorkbench/plugins/fr.ac6.mcu.externaltools.arm-none.linux64_1.17.0.201812190825/tools/compiler/bin/../lib/gcc/arm-none-eabi/7.3.1/../../../../arm-none-eabi/lib/thumb/v6-m/libm.a(lib_a-k_rem_pio2.o)
 .debug_frame   0x0000000000000768       0x38 /home/shay/a/ece362/Ac6/SystemWorkbench/plugins/fr.ac6.mcu.externaltools.arm-none.linux64_1.17.0.201812190825/tools/compiler/bin/../lib/gcc/arm-none-eabi/7.3.1/../../../../arm-none-eabi/lib/thumb/v6-m/libm.a(lib_a-k_sin.o)
 .debug_frame   0x00000000000007a0       0x20 /home/shay/a/ece362/Ac6/SystemWorkbench/plugins/fr.ac6.mcu.externaltools.arm-none.linux64_1.17.0.201812190825/tools/compiler/bin/../lib/gcc/arm-none-eabi/7.3.1/../../../../arm-none-eabi/lib/thumb/v6-m/libm.a(lib_a-s_finite.o)
 .debug_frame   0x00000000000007c0       0x38 /home/shay/a/ece362/Ac6/SystemWorkbench/plugins/fr.ac6.mcu.externaltools.arm-none.linux64_1.17.0.201812190825/tools/compiler/bin/../lib/gcc/arm-none-eabi/7.3.1/../../../../arm-none-eabi/lib/thumb/v6-m/libm.a(lib_a-s_floor.o)
 .debug_frame   0x00000000000007f8       0x20 /home/shay/a/ece362/Ac6/SystemWorkbench/plugins/fr.ac6.mcu.externaltools.arm-none.linux64_1.17.0.201812190825/tools/compiler/bin/../lib/gcc/arm-none-eabi/7.3.1/../../../../arm-none-eabi/lib/thumb/v6-m/libm.a(lib_a-s_matherr.o)
 .debug_frame   0x0000000000000818       0x20 /home/shay/a/ece362/Ac6/SystemWorkbench/plugins/fr.ac6.mcu.externaltools.arm-none.linux64_1.17.0.201812190825/tools/compiler/bin/../lib/gcc/arm-none-eabi/7.3.1/../../../../arm-none-eabi/lib/thumb/v6-m/libm.a(lib_a-s_nan.o)
 .debug_frame   0x0000000000000838       0x38 /home/shay/a/ece362/Ac6/SystemWorkbench/plugins/fr.ac6.mcu.externaltools.arm-none.linux64_1.17.0.201812190825/tools/compiler/bin/../lib/gcc/arm-none-eabi/7.3.1/../../../../arm-none-eabi/lib/thumb/v6-m/libm.a(lib_a-s_rint.o)
 .debug_frame   0x0000000000000870       0x2c /home/shay/a/ece362/Ac6/SystemWorkbench/plugins/fr.ac6.mcu.externaltools.arm-none.linux64_1.17.0.201812190825/tools/compiler/bin/../lib/gcc/arm-none-eabi/7.3.1/../../../../arm-none-eabi/lib/thumb/v6-m/libm.a(lib_a-s_scalbn.o)
 .debug_frame   0x000000000000089c       0x2c /home/shay/a/ece362/Ac6/SystemWorkbench/plugins/fr.ac6.mcu.externaltools.arm-none.linux64_1.17.0.201812190825/tools/compiler/bin/../lib/gcc/arm-none-eabi/7.3.1/../../../../arm-none-eabi/lib/thumb/v6-m/libm.a(lib_a-s_copysign.o)
 .debug_frame   0x00000000000008c8       0x20 /home/shay/a/ece362/Ac6/SystemWorkbench/plugins/fr.ac6.mcu.externaltools.arm-none.linux64_1.17.0.201812190825/tools/compiler/bin/../lib/gcc/arm-none-eabi/7.3.1/thumb/v6-m/libgcc.a(_udivsi3.o)
 .debug_frame   0x00000000000008e8       0x20 /home/shay/a/ece362/Ac6/SystemWorkbench/plugins/fr.ac6.mcu.externaltools.arm-none.linux64_1.17.0.201812190825/tools/compiler/bin/../lib/gcc/arm-none-eabi/7.3.1/thumb/v6-m/libgcc.a(_divsi3.o)
 .debug_frame   0x0000000000000908       0x2c /home/shay/a/ece362/Ac6/SystemWorkbench/plugins/fr.ac6.mcu.externaltools.arm-none.linux64_1.17.0.201812190825/tools/compiler/bin/../lib/gcc/arm-none-eabi/7.3.1/thumb/v6-m/libgcc.a(_fixunsdfsi.o)
 .debug_frame   0x0000000000000934       0x38 /home/shay/a/ece362/Ac6/SystemWorkbench/plugins/fr.ac6.mcu.externaltools.arm-none.linux64_1.17.0.201812190825/tools/compiler/bin/../lib/gcc/arm-none-eabi/7.3.1/thumb/v6-m/libgcc.a(adddf3.o)
 .debug_frame   0x000000000000096c       0x3c /home/shay/a/ece362/Ac6/SystemWorkbench/plugins/fr.ac6.mcu.externaltools.arm-none.linux64_1.17.0.201812190825/tools/compiler/bin/../lib/gcc/arm-none-eabi/7.3.1/thumb/v6-m/libgcc.a(divdf3.o)
 .debug_frame   0x00000000000009a8       0x38 /home/shay/a/ece362/Ac6/SystemWorkbench/plugins/fr.ac6.mcu.externaltools.arm-none.linux64_1.17.0.201812190825/tools/compiler/bin/../lib/gcc/arm-none-eabi/7.3.1/thumb/v6-m/libgcc.a(eqdf2.o)
 .debug_frame   0x00000000000009e0       0x38 /home/shay/a/ece362/Ac6/SystemWorkbench/plugins/fr.ac6.mcu.externaltools.arm-none.linux64_1.17.0.201812190825/tools/compiler/bin/../lib/gcc/arm-none-eabi/7.3.1/thumb/v6-m/libgcc.a(gedf2.o)
 .debug_frame   0x0000000000000a18       0x38 /home/shay/a/ece362/Ac6/SystemWorkbench/plugins/fr.ac6.mcu.externaltools.arm-none.linux64_1.17.0.201812190825/tools/compiler/bin/../lib/gcc/arm-none-eabi/7.3.1/thumb/v6-m/libgcc.a(ledf2.o)
 .debug_frame   0x0000000000000a50       0x3c /home/shay/a/ece362/Ac6/SystemWorkbench/plugins/fr.ac6.mcu.externaltools.arm-none.linux64_1.17.0.201812190825/tools/compiler/bin/../lib/gcc/arm-none-eabi/7.3.1/thumb/v6-m/libgcc.a(muldf3.o)
 .debug_frame   0x0000000000000a8c       0x3c /home/shay/a/ece362/Ac6/SystemWorkbench/plugins/fr.ac6.mcu.externaltools.arm-none.linux64_1.17.0.201812190825/tools/compiler/bin/../lib/gcc/arm-none-eabi/7.3.1/thumb/v6-m/libgcc.a(subdf3.o)
 .debug_frame   0x0000000000000ac8       0x2c /home/shay/a/ece362/Ac6/SystemWorkbench/plugins/fr.ac6.mcu.externaltools.arm-none.linux64_1.17.0.201812190825/tools/compiler/bin/../lib/gcc/arm-none-eabi/7.3.1/thumb/v6-m/libgcc.a(unorddf2.o)
 .debug_frame   0x0000000000000af4       0x2c /home/shay/a/ece362/Ac6/SystemWorkbench/plugins/fr.ac6.mcu.externaltools.arm-none.linux64_1.17.0.201812190825/tools/compiler/bin/../lib/gcc/arm-none-eabi/7.3.1/thumb/v6-m/libgcc.a(fixdfsi.o)
 .debug_frame   0x0000000000000b20       0x2c /home/shay/a/ece362/Ac6/SystemWorkbench/plugins/fr.ac6.mcu.externaltools.arm-none.linux64_1.17.0.201812190825/tools/compiler/bin/../lib/gcc/arm-none-eabi/7.3.1/thumb/v6-m/libgcc.a(floatsidf.o)
 .debug_frame   0x0000000000000b4c       0x20 /home/shay/a/ece362/Ac6/SystemWorkbench/plugins/fr.ac6.mcu.externaltools.arm-none.linux64_1.17.0.201812190825/tools/compiler/bin/../lib/gcc/arm-none-eabi/7.3.1/../../../../arm-none-eabi/lib/thumb/v6-m/libc.a(lib_a-errno.o)
 .debug_frame   0x0000000000000b6c       0x2c /home/shay/a/ece362/Ac6/SystemWorkbench/plugins/fr.ac6.mcu.externaltools.arm-none.linux64_1.17.0.201812190825/tools/compiler/bin/../lib/gcc/arm-none-eabi/7.3.1/../../../../arm-none-eabi/lib/thumb/v6-m/libc.a(lib_a-init.o)
 .debug_frame   0x0000000000000b98       0x54 /home/shay/a/ece362/Ac6/SystemWorkbench/plugins/fr.ac6.mcu.externaltools.arm-none.linux64_1.17.0.201812190825/tools/compiler/bin/../lib/gcc/arm-none-eabi/7.3.1/../../../../arm-none-eabi/lib/thumb/v6-m/libc.a(lib_a-__call_atexit.o)
 .debug_frame   0x0000000000000bec       0x28 /home/shay/a/ece362/Ac6/SystemWorkbench/plugins/fr.ac6.mcu.externaltools.arm-none.linux64_1.17.0.201812190825/tools/compiler/bin/../lib/gcc/arm-none-eabi/7.3.1/../../../../arm-none-eabi/lib/thumb/v6-m/libc.a(lib_a-atexit.o)
 .debug_frame   0x0000000000000c14       0x2c /home/shay/a/ece362/Ac6/SystemWorkbench/plugins/fr.ac6.mcu.externaltools.arm-none.linux64_1.17.0.201812190825/tools/compiler/bin/../lib/gcc/arm-none-eabi/7.3.1/../../../../arm-none-eabi/lib/thumb/v6-m/libc.a(lib_a-fini.o)
 .debug_frame   0x0000000000000c40       0xb0 /home/shay/a/ece362/Ac6/SystemWorkbench/plugins/fr.ac6.mcu.externaltools.arm-none.linux64_1.17.0.201812190825/tools/compiler/bin/../lib/gcc/arm-none-eabi/7.3.1/../../../../arm-none-eabi/lib/thumb/v6-m/libc.a(lib_a-lock.o)
 .debug_frame   0x0000000000000cf0       0x3c /home/shay/a/ece362/Ac6/SystemWorkbench/plugins/fr.ac6.mcu.externaltools.arm-none.linux64_1.17.0.201812190825/tools/compiler/bin/../lib/gcc/arm-none-eabi/7.3.1/../../../../arm-none-eabi/lib/thumb/v6-m/libc.a(lib_a-__atexit.o)
